
> hamrolink-landing@0.1.0 build
> next build

Γû▓ Next.js 16.1.6 (Turbopack)
- Environments: .env

node.exe : ΓÜá The "middleware" file 
convention is deprecated. Please use 
"proxy" instead. Learn more: https://n
extjs.org/docs/messages/middleware-to-
proxy
At line:1 char:1
+ & "C:\Program 
Files\nodejs/node.exe" "C:\Program 
Files\nodejs/node_mo ...
+ ~~~~~~~~~~~~~~~~~~~~~~~~~~~~~~~~~~~~
~~~~~~~~~~~~~~~~~~~~~~~~~~~~~~~~~
    + CategoryInfo          : NotSpec 
   ified: (ΓÜá The "middle...leware-  
  to-proxy:String) [], RemoteExcept   
 ion
    + FullyQualifiedErrorId : NativeC 
   ommandError
 
  Creating an optimized production build ...
Γ£ô Compiled successfully in 27.6s
  Running TypeScript ...
Failed to compile.

./public/files/BlogEditor.tsx:263:89
Type error: Argument of type 'string 
| ChangeEvent<HTMLInputElement, 
HTMLInputElement>' is not assignable 
to parameter of type 'string'.
  Type 'ChangeEvent<HTMLInputElement, 
HTMLInputElement>' is not assignable 
to type 'string'.

[0m [90m 261 |[39m                 
[33m<[39m[33mdiv[39m className[33
m=[39m[32m"col-span-2"[39m[33m>[3
9m
 [90m 262 |[39m                   
[33m<[39m[33mField[39m 
label[33m=[39m[32m"Slug 
(URL)"[39m 
note[33m=[39m[32m"Auto-generated 
from EN title. Edit 
carefully."[39m[33m>[39m
[31m[1m>[22m[39m[90m 263 |[39m  
                   
[33m<[39m[33mInput[39m 
value[33m=[39m{form[33m.[39mslug 
[33m?[39m[33m?[39m [32m""[39m} 
onChange[33m=[39m{(v) [33m=>[39m 
[36mset[39m([32m"slug"[39m[33m,[3
9m slugify(v))}
 [90m     |[39m                     
                                      
                              
[31m[1m^[22m[39m
 [90m 264 |[39m                     
  placeholder[33m=[39m[32m"my-post-
slug"[39m[33m/[39m[33m>[39m
 [90m 265 |[39m                   [
33m<[39m[33m/[39m[33mField[39m[3
3m>[39m
 [90m 266 |[39m                 [33
m<[39m[33m/[39m[33mdiv[39m[33m>
[39m[0m
Next.js build worker exited with 
code: 1 and signal: null
