src/app/[lang]/page.tsx(806,81): error TS1005: '>' expected.
