src/app/[lang]/page.tsx(178,11): error TS2769: No overload matches this call.
  The last overload gave the following error.
    Argument of type 'ArrayBuffer | Uint8Array<ArrayBufferLike>' is not assignable to parameter of type 'BufferSource'.
      Type 'Uint8Array<ArrayBufferLike>' is not assignable to type 'BufferSource'.
        Type 'Uint8Array<ArrayBufferLike>' is not assignable to type 'ArrayBufferView<ArrayBuffer>'.
          Types of property 'buffer' are incompatible.
            Type 'ArrayBufferLike' is not assignable to type 'ArrayBuffer'.
              Type 'SharedArrayBuffer' is missing the following properties from type 'ArrayBuffer': resizable, resize, detached, transfer, transferToFixedLength
